C:\Users\Jwerl\Downloads\Nxiong49_Final\Nxiong49_Final\Nxiong49_Final\ui.py
C:\Users\Jwerl\Downloads\Nxiong49_Final\Nxiong49_Final\Nxiong49_Final\db.py
C:\Users\Jwerl\Downloads\mkothbauer_final-1\mkothbauer_final\ui.py
C:\Python\Dev\Jwerlein_final\ui.py
C:\Users\Jwerl\Downloads\Nxiong49_Final\Nxiong49_Final\Nxiong49_Final\Business.py
C:\Users\Jwerl\Downloads\mkothbauer_final-1\mkothbauer_final\db.py
C:\Users\Jwerl\Downloads\mkothbauer_final-1\mkothbauer_final\business.py
C:\Python\Dev\Jwerlein_final\db.py
C:\Python\Dev\Jwerlein_final\business.py
C:\Python\Dev\Chapter17\Assignment\6-Baseball_Team_Manager17.py
C:\Python\Dev\Chapter17\Assignment\objects.py
C:\Python\Dev\Chapter6\Assignment\3-Baseball_Team_Manager6.py
C:\Python\Dev\Chapter17\Assignment\db.py
C:\Python\Dev\Chapter4\Assignment\3-Baseball_Team_Manager4.py
C:\Python\Dev\Chapter3\Assignment\2-Baseball_Team_Manager3.py
C:\Python\Dev\Chapter2\Assignment\2-Baseball_Team_Manager2.py
C:\Python\Dev\Chapter7\Assignment\db.py
C:\Python\Dev\Chapter7\Assignment\7-Baseball_Team_Manager7.py
C:\Python\Dev\Chapter14\Assignment\5-Baseball_Team_Manager14.py
C:\Python\Dev\Chapter17\ch17\ui.py
C:\Python\Dev\Chapter17\ch17\db.py
